../Drivers/STM32F3xx_HAL_Driver/Inc/stm32f3xx_ll_i2c.h:1578:26:LL_I2C_IsActiveFlag_RXNE	16	static
../Core/Src/stm32f3xx_it.c:69:6:NMI_Handler	4	static
../Core/Src/stm32f3xx_it.c:84:6:HardFault_Handler	4	static
../Core/Src/stm32f3xx_it.c:99:6:MemManage_Handler	4	static
../Core/Src/stm32f3xx_it.c:114:6:BusFault_Handler	4	static
../Core/Src/stm32f3xx_it.c:129:6:UsageFault_Handler	4	static
../Core/Src/stm32f3xx_it.c:144:6:SVC_Handler	4	static
../Core/Src/stm32f3xx_it.c:157:6:DebugMon_Handler	4	static
../Core/Src/stm32f3xx_it.c:170:6:PendSV_Handler	4	static
../Core/Src/stm32f3xx_it.c:183:6:SysTick_Handler	4	static
../Core/Src/stm32f3xx_it.c:218:6:USART2_IRQHandler	4	static
../Core/Src/stm32f3xx_it.c:227:6:I2C1_EV_IRQHandler	8	static
